mode: set
github.com/luigizuccarelli/golang-buildconfig-converter/pkg/service/convert.go:14.35,17.16 2 1
github.com/luigizuccarelli/golang-buildconfig-converter/pkg/service/convert.go:20.2,26.16 6 1
github.com/luigizuccarelli/golang-buildconfig-converter/pkg/service/convert.go:30.2,31.16 2 1
github.com/luigizuccarelli/golang-buildconfig-converter/pkg/service/convert.go:34.2,34.12 1 1
github.com/luigizuccarelli/golang-buildconfig-converter/pkg/service/convert.go:17.16,19.3 1 1
github.com/luigizuccarelli/golang-buildconfig-converter/pkg/service/convert.go:26.16,28.3 1 1
github.com/luigizuccarelli/golang-buildconfig-converter/pkg/service/convert.go:31.16,33.3 1 0
github.com/luigizuccarelli/golang-buildconfig-converter/pkg/service/helper.go:20.53,31.2 10 1
github.com/luigizuccarelli/golang-buildconfig-converter/pkg/service/helper.go:33.68,37.16 4 1
github.com/luigizuccarelli/golang-buildconfig-converter/pkg/service/helper.go:40.2,40.26 1 1
github.com/luigizuccarelli/golang-buildconfig-converter/pkg/service/helper.go:56.2,56.17 1 1
github.com/luigizuccarelli/golang-buildconfig-converter/pkg/service/helper.go:37.16,39.3 1 1
github.com/luigizuccarelli/golang-buildconfig-converter/pkg/service/helper.go:40.26,41.17 1 1
github.com/luigizuccarelli/golang-buildconfig-converter/pkg/service/helper.go:41.17,43.18 2 1
github.com/luigizuccarelli/golang-buildconfig-converter/pkg/service/helper.go:46.4,47.18 2 1
github.com/luigizuccarelli/golang-buildconfig-converter/pkg/service/helper.go:51.4,51.30 1 1
github.com/luigizuccarelli/golang-buildconfig-converter/pkg/service/helper.go:43.18,45.5 1 0
github.com/luigizuccarelli/golang-buildconfig-converter/pkg/service/helper.go:47.18,49.5 1 1
github.com/luigizuccarelli/golang-buildconfig-converter/pkg/service/helper.go:51.30,53.5 1 1
github.com/luigizuccarelli/golang-buildconfig-converter/pkg/service/helper.go:59.58,62.16 3 1
github.com/luigizuccarelli/golang-buildconfig-converter/pkg/service/helper.go:65.2,66.16 2 1
github.com/luigizuccarelli/golang-buildconfig-converter/pkg/service/helper.go:69.2,69.17 1 1
github.com/luigizuccarelli/golang-buildconfig-converter/pkg/service/helper.go:62.16,64.3 1 1
github.com/luigizuccarelli/golang-buildconfig-converter/pkg/service/helper.go:66.16,68.3 1 1
github.com/luigizuccarelli/golang-buildconfig-converter/pkg/service/helper.go:72.78,73.25 1 1
github.com/luigizuccarelli/golang-buildconfig-converter/pkg/service/helper.go:84.2,84.12 1 1
github.com/luigizuccarelli/golang-buildconfig-converter/pkg/service/helper.go:73.25,76.17 3 1
github.com/luigizuccarelli/golang-buildconfig-converter/pkg/service/helper.go:79.3,80.17 2 1
github.com/luigizuccarelli/golang-buildconfig-converter/pkg/service/helper.go:76.17,78.4 1 0
github.com/luigizuccarelli/golang-buildconfig-converter/pkg/service/helper.go:80.17,82.4 1 1
